(4,5)

 ^^^  Solution  ^^^ 

(6,7)

 ^^^  Solution  ^^^ 

(2..7,5)

 ^^^  Solution  ^^^ 

(<15,<2)

 ^^^  Solution  ^^^ 

No more solutions
