
 ^^^  Solution  ^^^ 


 ^^^  Solution  ^^^ 

No more solutions
