11..15

 ^^^  Solution  ^^^ 

1..4

 ^^^  Solution  ^^^ 

6..9

 ^^^  Solution  ^^^ 

No more solutions
