foo(4,5);
@learn("learn");
@learn(wall(4,5);wall(4);wall(););
