the solutions for $x 0..11 the solutions for $y 9..19 the solutions for $z Any

 ^^^  Solution  ^^^ 

the solutions for $x Any the solutions for $y Any the solutions for $z 10..50

 ^^^  Solution  ^^^ 

No more solutions
