x: Moving UP

==== Turn 1 ====
. . . . . . . . . . . . . . . 
. . . . . . . . . . . . . . . 
. . . . . . . . . . . . | . . 
. . | . . . . . . . . . . . . 
. . . . . . . . . . . . . . . 
. . . . . . . . . . . . . . . 
. . | . . . . . . . . . . . . 
. . | . . . . . . . . . . . . 
. . . . . . . . . . . . . . . 
. . . . . . . . . . . . . . . 
. . . . . . . . . . . . . . . 
. . | . | . . . . . . | . . . 
. . . . . . . . . . . . . . . 
x . . . . . . . . . . . . . . 
# . . . . . . . . . . . . . . 

x: Moving UP

==== Turn 2 ====
. . . . . . . . . . . . . . . 
. . . . . . . . . . . . . . . 
. . . . . . . . . . . . | . . 
. . | . . . . . . . . . . . . 
. . . . . . . . . . . . . . . 
. . . . . . . . . . . . . . . 
. . | . . . . . . . . . . . . 
. . | . . . . . . . . . . . . 
. . . . . . . . . . . . . . . 
. . . . . . . . . . . . . . . 
. . . . . . . . . . . . . . . 
. . | . | . . . . . . | . . . 
x . . . . . . . . . . . . . . 
. . . . . . . . . . . . . . . 
# . . . . . . . . . . . . . . 

x: Moving UP

==== Turn 3 ====
. . . . . . . . . . . . . . . 
. . . . . . . . . . . . . . . 
. . . . . . . . . . . . | . . 
. . | . . . . . . . . . . . . 
. . . . . . . . . . . . . . . 
. . . . . . . . . . . . . . . 
. . | . . . . . . . . . . . . 
. . | . . . . . . . . . . . . 
. . . . . . . . . . . . . . . 
. . . . . . . . . . . . . . . 
. . . . . . . . . . . . . . . 
x . | . | . . . . . . | . . . 
. . . . . . . . . . . . . . . 
. . . . . . . . . . . . . . . 
# . . . . . . . . . . . . . . 

x: Moving UP

==== Turn 4 ====
. . . . . . . . . . . . . . . 
. . . . . . . . . . . . . . . 
. . . . . . . . . . . . | . . 
. . | . . . . . . . . . . . . 
. . . . . . . . . . . . . . . 
. . . . . . . . . . . . . . . 
. . | . . . . . . . . . . . . 
. . | . . . . . . . . . . . . 
. . . . . . . . . . . . . . . 
. . . . . . . . . . . . . . . 
x . . . . . . . . . . . . . . 
. . | . | . . . . . . | . . . 
. . . . . . . . . . . . . . . 
. . . . . . . . . . . . . . . 
# . . . . . . . . . . . . . . 

x: Moving UP

==== Turn 5 ====
. . . . . . . . . . . . . . . 
. . . . . . . . . . . . . . . 
. . . . . . . . . . . . | . . 
. . | . . . . . . . . . . . . 
. . . . . . . . . . . . . . . 
. . . . . . . . . . . . . . . 
. . | . . . . . . . . . . . . 
. . | . . . . . . . . . . . . 
. . . . . . . . . . . . . . . 
x . . . . . . . . . . . . . . 
. . . . . . . . . . . . . . . 
. . | . | . . . . . . | . . . 
. . . . . . . . . . . . . . . 
. . . . . . . . . . . . . . . 
# . . . . . . . . . . . . . . 

x: Moving UP

==== Turn 6 ====
. . . . . . . . . . . . . . . 
. . . . . . . . . . . . . . . 
. . . . . . . . . . . . | . . 
. . | . . . . . . . . . . . . 
. . . . . . . . . . . . . . . 
. . . . . . . . . . . . . . . 
. . | . . . . . . . . . . . . 
. . | . . . . . . . . . . . . 
x . . . . . . . . . . . . . . 
. . . . . . . . . . . . . . . 
. . . . . . . . . . . . . . . 
. . | . | . . . . . . | . . . 
. . . . . . . . . . . . . . . 
. . . . . . . . . . . . . . . 
# . . . . . . . . . . . . . . 

x: Moving UP

==== Turn 7 ====
. . . . . . . . . . . . . . . 
. . . . . . . . . . . . . . . 
. . . . . . . . . . . . | . . 
. . | . . . . . . . . . . . . 
. . . . . . . . . . . . . . . 
. . . . . . . . . . . . . . . 
. . | . . . . . . . . . . . . 
x . | . . . . . . . . . . . . 
. . . . . . . . . . . . . . . 
. . . . . . . . . . . . . . . 
. . . . . . . . . . . . . . . 
. . | . | . . . . . . | . . . 
. . . . . . . . . . . . . . . 
. . . . . . . . . . . . . . . 
# . . . . . . . . . . . . . . 

x: Moving UP

==== Turn 8 ====
. . . . . . . . . . . . . . . 
. . . . . . . . . . . . . . . 
. . . . . . . . . . . . | . . 
. . | . . . . . . . . . . . . 
. . . . . . . . . . . . . . . 
. . . . . . . . . . . . . . . 
x . | . . . . . . . . . . . . 
. . | . . . . . . . . . . . . 
. . . . . . . . . . . . . . . 
. . . . . . . . . . . . . . . 
. . . . . . . . . . . . . . . 
. . | . | . . . . . . | . . . 
. . . . . . . . . . . . . . . 
. . . . . . . . . . . . . . . 
# . . . . . . . . . . . . . . 

x: Moving UP

==== Turn 9 ====
. . . . . . . . . . . . . . . 
. . . . . . . . . . . . . . . 
. . . . . . . . . . . . | . . 
. . | . . . . . . . . . . . . 
. . . . . . . . . . . . . . . 
x . . . . . . . . . . . . . . 
. . | . . . . . . . . . . . . 
. . | . . . . . . . . . . . . 
. . . . . . . . . . . . . . . 
. . . . . . . . . . . . . . . 
. . . . . . . . . . . . . . . 
. . | . | . . . . . . | . . . 
. . . . . . . . . . . . . . . 
. . . . . . . . . . . . . . . 
# . . . . . . . . . . . . . . 

x: Moving UP

==== Turn 10 ====
. . . . . . . . . . . . . . . 
. . . . . . . . . . . . . . . 
. . . . . . . . . . . . | . . 
. . | . . . . . . . . . . . . 
x . . . . . . . . . . . . . . 
. . . . . . . . . . . . . . . 
. . | . . . . . . . . . . . . 
. . | . . . . . . . . . . . . 
. . . . . . . . . . . . . . . 
. . . . . . . . . . . . . . . 
. . . . . . . . . . . . . . . 
. . | . | . . . . . . | . . . 
. . . . . . . . . . . . . . . 
. . . . . . . . . . . . . . . 
# . . . . . . . . . . . . . . 

x: Moving UP

==== Turn 11 ====
. . . . . . . . . . . . . . . 
. . . . . . . . . . . . . . . 
. . . . . . . . . . . . | . . 
x . | . . . . . . . . . . . . 
. . . . . . . . . . . . . . . 
. . . . . . . . . . . . . . . 
. . | . . . . . . . . . . . . 
. . | . . . . . . . . . . . . 
. . . . . . . . . . . . . . . 
. . . . . . . . . . . . . . . 
. . . . . . . . . . . . . . . 
. . | . | . . . . . . | . . . 
. . . . . . . . . . . . . . . 
. . . . . . . . . . . . . . . 
# . . . . . . . . . . . . . . 

x: Moving UP

==== Turn 12 ====
. . . . . . . . . . . . . . . 
. . . . . . . . . . . . . . . 
x . . . . . . . . . . . | . . 
. . | . . . . . . . . . . . . 
. . . . . . . . . . . . . . . 
. . . . . . . . . . . . . . . 
. . | . . . . . . . . . . . . 
. . | . . . . . . . . . . . . 
. . . . . . . . . . . . . . . 
. . . . . . . . . . . . . . . 
. . . . . . . . . . . . . . . 
. . | . | . . . . . . | . . . 
. . . . . . . . . . . . . . . 
. . . . . . . . . . . . . . . 
# . . . . . . . . . . . . . . 

x: Moving UP

==== Turn 13 ====
. . . . . . . . . . . . . . . 
x . . . . . . . . . . . . . . 
. . . . . . . . . . . . | . . 
. . | . . . . . . . . . . . . 
. . . . . . . . . . . . . . . 
. . . . . . . . . . . . . . . 
. . | . . . . . . . . . . . . 
. . | . . . . . . . . . . . . 
. . . . . . . . . . . . . . . 
. . . . . . . . . . . . . . . 
. . . . . . . . . . . . . . . 
. . | . | . . . . . . | . . . 
. . . . . . . . . . . . . . . 
. . . . . . . . . . . . . . . 
# . . . . . . . . . . . . . . 

x: Moving UP

==== Turn 14 ====
x . . . . . . . . . . . . . . 
. . . . . . . . . . . . . . . 
. . . . . . . . . . . . | . . 
. . | . . . . . . . . . . . . 
. . . . . . . . . . . . . . . 
. . . . . . . . . . . . . . . 
. . | . . . . . . . . . . . . 
. . | . . . . . . . . . . . . 
. . . . . . . . . . . . . . . 
. . . . . . . . . . . . . . . 
. . . . . . . . . . . . . . . 
. . | . | . . . . . . | . . . 
. . . . . . . . . . . . . . . 
. . . . . . . . . . . . . . . 
# . . . . . . . . . . . . . . 

x: Moving UP

Simulation over: x hits the x margin and Game over!!! 

