Agent says move 'UP'
d: Moving UP

==== Turn 1 ====
. . . . . . . . . . 
. . . . . . . . . . 
. . . . . . . . . . 
| | | | | | | | | | 
. . . . . # . . . . 
. . . . . . . . . . 
. . . . . . . . . . 
. . . . . . . . . . 
d . . . . . . . . . 
. . . . . . . . . . 

Agent says move 'RIGHT'
d: Moving RIGHT

==== Turn 2 ====
. . . . . . . . . . 
. . . . . . . . . . 
. . . . . . . . . . 
| | | | | | | | | | 
. . . . . # . . . . 
. . . . . . . . . . 
. . . . . . . . . . 
. . . . . . . . . . 
. d . . . . . . . . 
. . . . . . . . . . 

Agent says move 'RIGHT'
d: Moving RIGHT

==== Turn 3 ====
. . . . . . . . . . 
. . . . . . . . . . 
. . . . . . . . . . 
| | | | | | | | | | 
. . . . . # . . . . 
. . . . . . . . . . 
. . . . . . . . . . 
. . . . . . . . . . 
. . d . . . . . . . 
. . . . . . . . . . 

Agent says move 'RIGHT'
d: Moving RIGHT

==== Turn 4 ====
. . . . . . . . . . 
. . . . . . . . . . 
. . . . . . . . . . 
| | | | | | | | | | 
. . . . . # . . . . 
. . . . . . . . . . 
. . . . . . . . . . 
. . . . . . . . . . 
. . . d . . . . . . 
. . . . . . . . . . 

Agent says move 'RIGHT'
d: Moving RIGHT

==== Turn 5 ====
. . . . . . . . . . 
. . . . . . . . . . 
. . . . . . . . . . 
| | | | | | | | | | 
. . . . . # . . . . 
. . . . . . . . . . 
. . . . . . . . . . 
. . . . . . . . . . 
. . . . d . . . . . 
. . . . . . . . . . 

Agent says move 'RIGHT'
d: Moving RIGHT

==== Turn 6 ====
. . . . . . . . . . 
. . . . . . . . . . 
. . . . . . . . . . 
| | | | | | | | | | 
. . . . . # . . . . 
. . . . . . . . . . 
. . . . . . . . . . 
. . . . . . . . . . 
. . . . . d . . . . 
. . . . . . . . . . 

Agent says move 'UP'
d: Moving UP

==== Turn 7 ====
. . . . . . . . . . 
. . . . . . . . . . 
. . . . . . . . . . 
| | | | | | | | | | 
. . . . . # . . . . 
. . . . . . . . . . 
. . . . . . . . . . 
. . . . . d . . . . 
. . . . . . . . . . 
. . . . . . . . . . 

Agent says move 'UP'
d: Moving UP

==== Turn 8 ====
. . . . . . . . . . 
. . . . . . . . . . 
. . . . . . . . . . 
| | | | | | | | | | 
. . . . . # . . . . 
. . . . . . . . . . 
. . . . . d . . . . 
. . . . . . . . . . 
. . . . . . . . . . 
. . . . . . . . . . 

Agent says move 'UP'
d: Moving UP

==== Turn 9 ====
. . . . . . . . . . 
. . . . . . . . . . 
. . . . . . . . . . 
| | | | | | | | | | 
. . . . . # . . . . 
. . . . . d . . . . 
. . . . . . . . . . 
. . . . . . . . . . 
. . . . . . . . . . 
. . . . . . . . . . 

Agent says move 'UP'
d: Moving UP

Simulation over: d wins!!!Successfully reach the goal at position (6,6)

