x: Moving UP

==== Turn 1 ====
. . . . . . . . . . . . . . . . . . . . 
. . . . . . . . . . . . . . . . . . . . 
. . . . . . . . . . . . . . . . . . . . 
. . . . . . . . . . . . . . . . . . . . 
. . . . . . . . . . . . . . . . . . . . 
. . . | | | . . . . . . . . . . . . . . 
. . . | | | . . . . . . . . . . . . . . 
. . . | | | . . . . . . . . . . . . . . 
. . . | | | . . . . . . . . . . . . . . 
. . . | | | . . . . . . . . . . . . . . 
. . . | | | . . . . . . . . . . . . . . 
. . . | . . . . . . . . . . . . . . . . 
. . . . . | . . . . . . . . . . . . . . 
. . . . . . . . . . . . . . . . . . . . 
. . . . . . . . . . . . . . . . . . . . 
. . . . . . . . . . . . . . . . . . . . 
. . . # . . . . . . . | . . . . . . . . 
. . . . . . . . . . . . . . . . . . . . 
x . . . . . . . . . . . . . . . . . . . 
. . . . . . . . . . . . . . . . . . . . 

x: Moving UP

==== Turn 2 ====
. . . . . . . . . . . . . . . . . . . . 
. . . . . . . . . . . . . . . . . . . . 
. . . . . . . . . . . . . . . . . . . . 
. . . . . . . . . . . . . . . . . . . . 
. . . . . . . . . . . . . . . . . . . . 
. . . | | | . . . . . . . . . . . . . . 
. . . | | | . . . . . . . . . . . . . . 
. . . | | | . . . . . . . . . . . . . . 
. . . | | | . . . . . . . . . . . . . . 
. . . | | | . . . . . . . . . . . . . . 
. . . | | | . . . . . . . . . . . . . . 
. . . | . . . . . . . . . . . . . . . . 
. . . . . | . . . . . . . . . . . . . . 
. . . . . . . . . . . . . . . . . . . . 
. . . . . . . . . . . . . . . . . . . . 
. . . . . . . . . . . . . . . . . . . . 
. . . # . . . . . . . | . . . . . . . . 
x . . . . . . . . . . . . . . . . . . . 
. . . . . . . . . . . . . . . . . . . . 
. . . . . . . . . . . . . . . . . . . . 

x: Moving RIGHT

==== Turn 3 ====
. . . . . . . . . . . . . . . . . . . . 
. . . . . . . . . . . . . . . . . . . . 
. . . . . . . . . . . . . . . . . . . . 
. . . . . . . . . . . . . . . . . . . . 
. . . . . . . . . . . . . . . . . . . . 
. . . | | | . . . . . . . . . . . . . . 
. . . | | | . . . . . . . . . . . . . . 
. . . | | | . . . . . . . . . . . . . . 
. . . | | | . . . . . . . . . . . . . . 
. . . | | | . . . . . . . . . . . . . . 
. . . | | | . . . . . . . . . . . . . . 
. . . | . . . . . . . . . . . . . . . . 
. . . . . | . . . . . . . . . . . . . . 
. . . . . . . . . . . . . . . . . . . . 
. . . . . . . . . . . . . . . . . . . . 
. . . . . . . . . . . . . . . . . . . . 
. . . # . . . . . . . | . . . . . . . . 
. x . . . . . . . . . . . . . . . . . . 
. . . . . . . . . . . . . . . . . . . . 
. . . . . . . . . . . . . . . . . . . . 

x: Moving RIGHT

==== Turn 4 ====
. . . . . . . . . . . . . . . . . . . . 
. . . . . . . . . . . . . . . . . . . . 
. . . . . . . . . . . . . . . . . . . . 
. . . . . . . . . . . . . . . . . . . . 
. . . . . . . . . . . . . . . . . . . . 
. . . | | | . . . . . . . . . . . . . . 
. . . | | | . . . . . . . . . . . . . . 
. . . | | | . . . . . . . . . . . . . . 
. . . | | | . . . . . . . . . . . . . . 
. . . | | | . . . . . . . . . . . . . . 
. . . | | | . . . . . . . . . . . . . . 
. . . | . . . . . . . . . . . . . . . . 
. . . . . | . . . . . . . . . . . . . . 
. . . . . . . . . . . . . . . . . . . . 
. . . . . . . . . . . . . . . . . . . . 
. . . . . . . . . . . . . . . . . . . . 
. . . # . . . . . . . | . . . . . . . . 
. . x . . . . . . . . . . . . . . . . . 
. . . . . . . . . . . . . . . . . . . . 
. . . . . . . . . . . . . . . . . . . . 

x: Moving RIGHT

==== Turn 5 ====
. . . . . . . . . . . . . . . . . . . . 
. . . . . . . . . . . . . . . . . . . . 
. . . . . . . . . . . . . . . . . . . . 
. . . . . . . . . . . . . . . . . . . . 
. . . . . . . . . . . . . . . . . . . . 
. . . | | | . . . . . . . . . . . . . . 
. . . | | | . . . . . . . . . . . . . . 
. . . | | | . . . . . . . . . . . . . . 
. . . | | | . . . . . . . . . . . . . . 
. . . | | | . . . . . . . . . . . . . . 
. . . | | | . . . . . . . . . . . . . . 
. . . | . . . . . . . . . . . . . . . . 
. . . . . | . . . . . . . . . . . . . . 
. . . . . . . . . . . . . . . . . . . . 
. . . . . . . . . . . . . . . . . . . . 
. . . . . . . . . . . . . . . . . . . . 
. . . # . . . . . . . | . . . . . . . . 
. . . x . . . . . . . . . . . . . . . . 
. . . . . . . . . . . . . . . . . . . . 
. . . . . . . . . . . . . . . . . . . . 

x: Moving RIGHT

==== Turn 6 ====
. . . . . . . . . . . . . . . . . . . . 
. . . . . . . . . . . . . . . . . . . . 
. . . . . . . . . . . . . . . . . . . . 
. . . . . . . . . . . . . . . . . . . . 
. . . . . . . . . . . . . . . . . . . . 
. . . | | | . . . . . . . . . . . . . . 
. . . | | | . . . . . . . . . . . . . . 
. . . | | | . . . . . . . . . . . . . . 
. . . | | | . . . . . . . . . . . . . . 
. . . | | | . . . . . . . . . . . . . . 
. . . | | | . . . . . . . . . . . . . . 
. . . | . . . . . . . . . . . . . . . . 
. . . . . | . . . . . . . . . . . . . . 
. . . . . . . . . . . . . . . . . . . . 
. . . . . . . . . . . . . . . . . . . . 
. . . . . . . . . . . . . . . . . . . . 
. . . # . . . . . . . | . . . . . . . . 
. . . . x . . . . . . . . . . . . . . . 
. . . . . . . . . . . . . . . . . . . . 
. . . . . . . . . . . . . . . . . . . . 

x: Moving DOWN

==== Turn 7 ====
. . . . . . . . . . . . . . . . . . . . 
. . . . . . . . . . . . . . . . . . . . 
. . . . . . . . . . . . . . . . . . . . 
. . . . . . . . . . . . . . . . . . . . 
. . . . . . . . . . . . . . . . . . . . 
. . . | | | . . . . . . . . . . . . . . 
. . . | | | . . . . . . . . . . . . . . 
. . . | | | . . . . . . . . . . . . . . 
. . . | | | . . . . . . . . . . . . . . 
. . . | | | . . . . . . . . . . . . . . 
. . . | | | . . . . . . . . . . . . . . 
. . . | . . . . . . . . . . . . . . . . 
. . . . . | . . . . . . . . . . . . . . 
. . . . . . . . . . . . . . . . . . . . 
. . . . . . . . . . . . . . . . . . . . 
. . . . . . . . . . . . . . . . . . . . 
. . . # . . . . . . . | . . . . . . . . 
. . . . . . . . . . . . . . . . . . . . 
. . . . x . . . . . . . . . . . . . . . 
. . . . . . . . . . . . . . . . . . . . 

x: Moving DOWN

==== Turn 8 ====
. . . . . . . . . . . . . . . . . . . . 
. . . . . . . . . . . . . . . . . . . . 
. . . . . . . . . . . . . . . . . . . . 
. . . . . . . . . . . . . . . . . . . . 
. . . . . . . . . . . . . . . . . . . . 
. . . | | | . . . . . . . . . . . . . . 
. . . | | | . . . . . . . . . . . . . . 
. . . | | | . . . . . . . . . . . . . . 
. . . | | | . . . . . . . . . . . . . . 
. . . | | | . . . . . . . . . . . . . . 
. . . | | | . . . . . . . . . . . . . . 
. . . | . . . . . . . . . . . . . . . . 
. . . . . | . . . . . . . . . . . . . . 
. . . . . . . . . . . . . . . . . . . . 
. . . . . . . . . . . . . . . . . . . . 
. . . . . . . . . . . . . . . . . . . . 
. . . # . . . . . . . | . . . . . . . . 
. . . . . . . . . . . . . . . . . . . . 
. . . . . . . . . . . . . . . . . . . . 
. . . . x . . . . . . . . . . . . . . . 

x: Moving DOWN

Simulation over: x hits the x margin and Game over!!! 

