Wall: 4, 4

 ^^^  Solution  ^^^ 

Wall: 6, 3

 ^^^  Solution  ^^^ 

Wall: Any, 'foo'

 ^^^  Solution  ^^^ 

Wall: Any, symA

 ^^^  Solution  ^^^ 

Wall: Any, 'UP'

 ^^^  Solution  ^^^ 

Wall: Any, 'RIGHT'

 ^^^  Solution  ^^^ 

No more solutions
