Fatal error: exception Failure("Error: Comparison is constant")
