(3,3)

 ^^^  Solution  ^^^ 

(2,1)

 ^^^  Solution  ^^^ 

(4,5)

 ^^^  Solution  ^^^ 

(9..16,9..16)

 ^^^  Solution  ^^^ 

No more solutions
