symA Any

 ^^^  Solution  ^^^ 

4 4

 ^^^  Solution  ^^^ 

Any Any

 ^^^  Solution  ^^^ 

No more solutions
