Fatal error: exception Failure("Unsupported global directive")
