Fatal error: exception Failure("Sorry, arrays are unsupported")
