Removing: 's1'
Any

 ^^^  Solution  ^^^ 

Learning: 6
Any

 ^^^  Solution  ^^^ 

6

 ^^^  Solution  ^^^ 

's2'

 ^^^  Solution  ^^^ 

's3'

 ^^^  Solution  ^^^ 

No more solutions
