Hello

 ^^^  Solution  ^^^ 

Hello

 ^^^  Solution  ^^^ 

Hello

 ^^^  Solution  ^^^ 

Hello

 ^^^  Solution  ^^^ 

Hello

 ^^^  Solution  ^^^ 

Hello

 ^^^  Solution  ^^^ 

Hello

 ^^^  Solution  ^^^ 

Hello

 ^^^  Solution  ^^^ 

Hello

 ^^^  Solution  ^^^ 

No more solutions
