wall(-4,5)

 ^^^  Solution  ^^^ 

wall(Any,-2)

 ^^^  Solution  ^^^ 

wall(-1,-1)

 ^^^  Solution  ^^^ 

No more solutions
