Fatal error: exception Failure("You cannot list the same variable twice in a parameter list")
