foo(4,5);
@learn("$x");
foo() {Run Per Solution: 
@learn(wall(4,5););
}
{OR:
@learn(wall(4,5);)
}
