Solution
Solution
Solution
Solution
Solution
Solution
No more solutions
