1..10and0..5Any

 ^^^  Solution  ^^^ 

No more solutions
