My location: 1,1
x: Moving UP

==== Turn 1 ====
. . . . . . . . . . 
. . . . . . . . . . 
. . . . . . . . . . 
| | | | | | | | | | 
. . . . . # . . . . 
. . . . . . . . . . 
. . . . . . . . . . 
. . . . . . . . . . 
x . . . . . . . . . 
. . . . . . . . . . 

My location: 1,2
x: Moving UP

==== Turn 2 ====
. . . . . . . . . . 
. . . . . . . . . . 
. . . . . . . . . . 
| | | | | | | | | | 
. . . . . # . . . . 
. . . . . . . . . . 
. . . . . . . . . . 
x . . . . . . . . . 
. . . . . . . . . . 
. . . . . . . . . . 

My location: 1,3
x: Moving UP

==== Turn 3 ====
. . . . . . . . . . 
. . . . . . . . . . 
. . . . . . . . . . 
| | | | | | | | | | 
. . . . . # . . . . 
. . . . . . . . . . 
x . . . . . . . . . 
. . . . . . . . . . 
. . . . . . . . . . 
. . . . . . . . . . 

My location: 1,4
x: Moving UP

==== Turn 4 ====
. . . . . . . . . . 
. . . . . . . . . . 
. . . . . . . . . . 
| | | | | | | | | | 
. . . . . # . . . . 
x . . . . . . . . . 
. . . . . . . . . . 
. . . . . . . . . . 
. . . . . . . . . . 
. . . . . . . . . . 

My location: 1,5
x: Moving UP

==== Turn 5 ====
. . . . . . . . . . 
. . . . . . . . . . 
. . . . . . . . . . 
| | | | | | | | | | 
x . . . . # . . . . 
. . . . . . . . . . 
. . . . . . . . . . 
. . . . . . . . . . 
. . . . . . . . . . 
. . . . . . . . . . 

x: Moving RIGHT

==== Turn 6 ====
. . . . . . . . . . 
. . . . . . . . . . 
. . . . . . . . . . 
| | | | | | | | | | 
. x . . . # . . . . 
. . . . . . . . . . 
. . . . . . . . . . 
. . . . . . . . . . 
. . . . . . . . . . 
. . . . . . . . . . 

x: Moving RIGHT

==== Turn 7 ====
. . . . . . . . . . 
. . . . . . . . . . 
. . . . . . . . . . 
| | | | | | | | | | 
. . x . . # . . . . 
. . . . . . . . . . 
. . . . . . . . . . 
. . . . . . . . . . 
. . . . . . . . . . 
. . . . . . . . . . 

x: Moving RIGHT

==== Turn 8 ====
. . . . . . . . . . 
. . . . . . . . . . 
. . . . . . . . . . 
| | | | | | | | | | 
. . . x . # . . . . 
. . . . . . . . . . 
. . . . . . . . . . 
. . . . . . . . . . 
. . . . . . . . . . 
. . . . . . . . . . 

x: Moving RIGHT

==== Turn 9 ====
. . . . . . . . . . 
. . . . . . . . . . 
. . . . . . . . . . 
| | | | | | | | | | 
. . . . x # . . . . 
. . . . . . . . . . 
. . . . . . . . . . 
. . . . . . . . . . 
. . . . . . . . . . 
. . . . . . . . . . 

x: Moving RIGHT

Simulation over: x wins!!!Successfully reach the goal at position (6,6)

