Moving: UP
Moving: RIGHT

==== Turn 1 ====
. . . . . . . . . . . . . . . . . . . . 
. . . . . . . . . . . . . . . . . . . . 
. . . . . . . . . . . . . . . . . . . . 
. . . . . . . . . . . . . . . . . . . . 
. . . . . . . . . . . . . . . . . . . . 
. . . | | | . . . . . . . . . . . . . . 
. . . | | | . . . . . . . . . . . . . . 
. . . | | | . . . . . . . . . . . . . . 
. . . | | | . . . . . . . . . . . . . . 
. . . | | | . . . . . . . . . . . . . . 
. . . | | | . . . . . . . . . . . . . . 
. . . | . . . . . . . . . . . . . . . . 
. . . . . | . . . . . . . . . . . . . . 
. . . . . . . . . . . . . . . . . . . . 
. . . . . . . . . . . . . . . . . . . . 
. . . . . . . . . . . . . . . . . . . . 
. . . # . . . . . . . | . . . . . . . . 
. . . . . . . . . . . . . . . . . . . . 
x . . . . . . . . . . . . . . . . . . . 
. y . . . . . . . . . . . . . . . . . . 

Moving: UP
Moving: RIGHT

==== Turn 2 ====
. . . . . . . . . . . . . . . . . . . . 
. . . . . . . . . . . . . . . . . . . . 
. . . . . . . . . . . . . . . . . . . . 
. . . . . . . . . . . . . . . . . . . . 
. . . . . . . . . . . . . . . . . . . . 
. . . | | | . . . . . . . . . . . . . . 
. . . | | | . . . . . . . . . . . . . . 
. . . | | | . . . . . . . . . . . . . . 
. . . | | | . . . . . . . . . . . . . . 
. . . | | | . . . . . . . . . . . . . . 
. . . | | | . . . . . . . . . . . . . . 
. . . | . . . . . . . . . . . . . . . . 
. . . . . | . . . . . . . . . . . . . . 
. . . . . . . . . . . . . . . . . . . . 
. . . . . . . . . . . . . . . . . . . . 
. . . . . . . . . . . . . . . . . . . . 
. . . # . . . . . . . | . . . . . . . . 
x . . . . . . . . . . . . . . . . . . . 
. . . . . . . . . . . . . . . . . . . . 
. . y . . . . . . . . . . . . . . . . . 

Moving: RIGHT
Moving: LEFT

==== Turn 3 ====
. . . . . . . . . . . . . . . . . . . . 
. . . . . . . . . . . . . . . . . . . . 
. . . . . . . . . . . . . . . . . . . . 
. . . . . . . . . . . . . . . . . . . . 
. . . . . . . . . . . . . . . . . . . . 
. . . | | | . . . . . . . . . . . . . . 
. . . | | | . . . . . . . . . . . . . . 
. . . | | | . . . . . . . . . . . . . . 
. . . | | | . . . . . . . . . . . . . . 
. . . | | | . . . . . . . . . . . . . . 
. . . | | | . . . . . . . . . . . . . . 
. . . | . . . . . . . . . . . . . . . . 
. . . . . | . . . . . . . . . . . . . . 
. . . . . . . . . . . . . . . . . . . . 
. . . . . . . . . . . . . . . . . . . . 
. . . . . . . . . . . . . . . . . . . . 
. . . # . . . . . . . | . . . . . . . . 
. x . . . . . . . . . . . . . . . . . . 
. . . . . . . . . . . . . . . . . . . . 
. y . . . . . . . . . . . . . . . . . . 

Moving: RIGHT
Moving: UP

==== Turn 4 ====
. . . . . . . . . . . . . . . . . . . . 
. . . . . . . . . . . . . . . . . . . . 
. . . . . . . . . . . . . . . . . . . . 
. . . . . . . . . . . . . . . . . . . . 
. . . . . . . . . . . . . . . . . . . . 
. . . | | | . . . . . . . . . . . . . . 
. . . | | | . . . . . . . . . . . . . . 
. . . | | | . . . . . . . . . . . . . . 
. . . | | | . . . . . . . . . . . . . . 
. . . | | | . . . . . . . . . . . . . . 
. . . | | | . . . . . . . . . . . . . . 
. . . | . . . . . . . . . . . . . . . . 
. . . . . | . . . . . . . . . . . . . . 
. . . . . . . . . . . . . . . . . . . . 
. . . . . . . . . . . . . . . . . . . . 
. . . . . . . . . . . . . . . . . . . . 
. . . # . . . . . . . | . . . . . . . . 
. . x . . . . . . . . . . . . . . . . . 
. y . . . . . . . . . . . . . . . . . . 
. . . . . . . . . . . . . . . . . . . . 

Moving: RIGHT
Moving: RIGHT

==== Turn 5 ====
. . . . . . . . . . . . . . . . . . . . 
. . . . . . . . . . . . . . . . . . . . 
. . . . . . . . . . . . . . . . . . . . 
. . . . . . . . . . . . . . . . . . . . 
. . . . . . . . . . . . . . . . . . . . 
. . . | | | . . . . . . . . . . . . . . 
. . . | | | . . . . . . . . . . . . . . 
. . . | | | . . . . . . . . . . . . . . 
. . . | | | . . . . . . . . . . . . . . 
. . . | | | . . . . . . . . . . . . . . 
. . . | | | . . . . . . . . . . . . . . 
. . . | . . . . . . . . . . . . . . . . 
. . . . . | . . . . . . . . . . . . . . 
. . . . . . . . . . . . . . . . . . . . 
. . . . . . . . . . . . . . . . . . . . 
. . . . . . . . . . . . . . . . . . . . 
. . . # . . . . . . . | . . . . . . . . 
. . . x . . . . . . . . . . . . . . . . 
. . y . . . . . . . . . . . . . . . . . 
. . . . . . . . . . . . . . . . . . . . 

Moving: RIGHT
Moving: UP

==== Turn 6 ====
. . . . . . . . . . . . . . . . . . . . 
. . . . . . . . . . . . . . . . . . . . 
. . . . . . . . . . . . . . . . . . . . 
. . . . . . . . . . . . . . . . . . . . 
. . . . . . . . . . . . . . . . . . . . 
. . . | | | . . . . . . . . . . . . . . 
. . . | | | . . . . . . . . . . . . . . 
. . . | | | . . . . . . . . . . . . . . 
. . . | | | . . . . . . . . . . . . . . 
. . . | | | . . . . . . . . . . . . . . 
. . . | | | . . . . . . . . . . . . . . 
. . . | . . . . . . . . . . . . . . . . 
. . . . . | . . . . . . . . . . . . . . 
. . . . . . . . . . . . . . . . . . . . 
. . . . . . . . . . . . . . . . . . . . 
. . . . . . . . . . . . . . . . . . . . 
. . . # . . . . . . . | . . . . . . . . 
. . y . x . . . . . . . . . . . . . . . 
. . . . . . . . . . . . . . . . . . . . 
. . . . . . . . . . . . . . . . . . . . 

Moving: DOWN
Moving: UP

==== Turn 7 ====
. . . . . . . . . . . . . . . . . . . . 
. . . . . . . . . . . . . . . . . . . . 
. . . . . . . . . . . . . . . . . . . . 
. . . . . . . . . . . . . . . . . . . . 
. . . . . . . . . . . . . . . . . . . . 
. . . | | | . . . . . . . . . . . . . . 
. . . | | | . . . . . . . . . . . . . . 
. . . | | | . . . . . . . . . . . . . . 
. . . | | | . . . . . . . . . . . . . . 
. . . | | | . . . . . . . . . . . . . . 
. . . | | | . . . . . . . . . . . . . . 
. . . | . . . . . . . . . . . . . . . . 
. . . . . | . . . . . . . . . . . . . . 
. . . . . . . . . . . . . . . . . . . . 
. . . . . . . . . . . . . . . . . . . . 
. . . . . . . . . . . . . . . . . . . . 
. . y # . . . . . . . | . . . . . . . . 
. . . . . . . . . . . . . . . . . . . . 
. . . . x . . . . . . . . . . . . . . . 
. . . . . . . . . . . . . . . . . . . . 

Moving: DOWN
Moving: RIGHT

Simulation over: Win!!!Successfully reach the goal!

