Wall: 4

 ^^^  Solution  ^^^ 

Wall: 6

 ^^^  Solution  ^^^ 

Wall: 'foo'

 ^^^  Solution  ^^^ 

Wall: symA

 ^^^  Solution  ^^^ 

No more solutions
