Fatal error: exception Failure("Comparisons with multiple variables are unsupported.")
